<html>
<body>
<pre>
<h1>µVision Build Log</h1>
<h2>Project:</h2>
E:\GoogleDrive\EE319K\LabSolutions\Lab10_C++\Lab10_C++.uvproj
Project File Date:  04/19/2018

<h2>Output:</h2>
Build target 'Lab 10'
assembling startup_TM4C123.s...
compiling main.cpp...
compiling DAC.cpp...
compiling PLL.cpp...
compiling random.cpp...
compiling ST7735.cpp...
compiling SlidePot.cpp...
compiling Sound.cpp...
Sound.cpp(11): warning:  #177-D: variable "shoot" was declared but never referenced
  const uint8_t shoot[4080] = {
Sound.cpp(217): warning:  #177-D: variable "invaderkilled" was declared but never referenced
  const uint8_t invaderkilled[3377] = {
Sound.cpp(388): warning:  #177-D: variable "explosion" was declared but never referenced
  const uint8_t explosion[2000] = {
Sound.cpp(828): warning:  #177-D: variable "fastinvader1" was declared but never referenced
  const uint8_t fastinvader1[982] = {
Sound.cpp(880): warning:  #177-D: variable "fastinvader2" was declared but never referenced
  const uint8_t fastinvader2[1042] = {
Sound.cpp(935): warning:  #177-D: variable "fastinvader3" was declared but never referenced
  const uint8_t fastinvader3[1054] = {
Sound.cpp(990): warning:  #177-D: variable "fastinvader4" was declared but never referenced
  const uint8_t fastinvader4[1098] = {
Sound.cpp(1047): warning:  #177-D: variable "highpitch" was declared but never referenced
  const uint8_t highpitch[1802] = {
Sound.cpp: 8 warnings, 0 errors
compiling Timer0.cpp...
compiling Timer1.cpp...
compiling UART.cpp...
compiling FIFO.cpp...
linking...
Program Size: Code=5900 RO-data=5164 RW-data=80 ZI-data=2216  
".\Lab10_C++.axf" - 0 Error(s), 8 Warning(s).
Clean started: Project: 'Lab10_C++'
   deleting intermediate output files for target 'Lab 10'
</pre>
</body>
</html>
