<html>
<body>
<pre>
<h1>µVision Build Log</h1>
<h2>Project:</h2>
C:\Keil\EE319KwareSpring2018\Lab2_EE319K_EE312-Spring2018\Lab2.uvproj
Project File Date:  01/17/2018

<h2>Output:</h2>
Rebuild target 'Lab2'
assembling startup.s...
compiling main.c...
compiling PLL.c...
compiling UART.c...
compiling Lab2.c...
linking...
Program Size: Code=2092 RO-data=32 RW-data=120 ZI-data=1120  
".\Lab2.axf" - 0 Error(s), 0 Warning(s).
</pre>
</body>
</html>
s
linking...
Program Size: Code=2024 RO-data=32 RW-data=120 ZI-data=1120  
".\Lab2.axf" - 0 Error(s), 1 Warning(s).
